 OK: p at test0.bpl:4:11
 OK: p at test1.bpl:4:11
 OK: p at test2.bpl:4:11
 OK: p at test3.bpl:4:11
 OK: p at test4.bpl:5:11
