 OK: evil at nested.bpl:1:11
 OK: bau at scope.bpl:1:11
 OK: swap at swap-1.bpl:5:11
 OK: swap at swap-2.bpl:8:11
 OK: main at swap-2.bpl:15:11
