 OK: NewFavorite at test00.bpl:13:16
 OK: foobar at test00.bpl:65:11
 OK: foobar2 at test00.bpl:90:11
 OK: foobar3 at test00.bpl:99:11
 OK: Collections.ArrayList.SpecSharp.CheckInvariant$System.Boolean at testArrayList.bpl:908:16
 OK: Collections.ArrayList..ctor at testArrayList.bpl:1442:16
 OK: Collections.ArrayList..ctor$System.Int32 at testArrayList.bpl:1581:16
 OK: Collections.ArrayList..ctor$System.Collections.ICollection$notnull at testArrayList.bpl:1702:16
 OK: Collections.ArrayList.Boogie.ContractConsistencyCheck.get_Capacity at testArrayList.bpl:1875:16
 OK: Collections.ArrayList.get_Capacity at testArrayList.bpl:1941:16
 OK: Collections.ArrayList.set_Capacity$System.Int32 at testArrayList.bpl:2014:16
 OK: Collections.ArrayList.get_Count at testArrayList.bpl:2192:16
 OK: Collections.ArrayList.Boogie.ContractConsistencyCheck.get_Item$System.Int32 at testArrayList.bpl:2246:16
 OK: Collections.ArrayList.get_Item$System.Int32 at testArrayList.bpl:2319:16
 OK: Collections.ArrayList.set_Item$System.Int32$System.Object at testArrayList.bpl:2397:16
 OK: Collections.ArrayList.Add$System.Object at testArrayList.bpl:2546:16
 OK: Collections.ArrayList.EnsureCapacity$System.Int32 at testArrayList.bpl:2732:16
 OK: Collections.ArrayList.AddRange$System.Collections.ICollection$notnull at testArrayList.bpl:3045:16
 OK: Collections.ArrayList.BinarySearch$System.Int32$System.Int32$System.Object$System.Collections.IComparer at testArrayList.bpl:3149:16
 OK: Collections.ArrayList.BinarySearch$System.Object at testArrayList.bpl:3363:16
 OK: Collections.ArrayList.BinarySearch$System.Object$System.Collections.IComparer at testArrayList.bpl:3515:16
 OK: Collections.ArrayList.Clear at testArrayList.bpl:3588:16
 OK: Collections.ArrayList.Clone at testArrayList.bpl:3777:16
 OK: Collections.ArrayList.Contains$System.Object at testArrayList.bpl:4047:16
 OK: Collections.ArrayList.CopyTo$System.Array$notnull at testArrayList.bpl:4301:16
 OK: Collections.ArrayList.CopyTo$System.Array$notnull$System.Int32 at testArrayList.bpl:4391:16
 OK: Collections.ArrayList.CopyTo$System.Int32$System.Array$notnull$System.Int32$System.Int32 at testArrayList.bpl:4550:16
 OK: Collections.ArrayList.IndexOf$System.Object at testArrayList.bpl:4706:16
 OK: Collections.ArrayList.IndexOf$System.Object$System.Int32 at testArrayList.bpl:4889:16
 OK: Collections.ArrayList.IndexOf$System.Object$System.Int32$System.Int32 at testArrayList.bpl:5053:16
 OK: Collections.ArrayList.Insert$System.Int32$System.Object at testArrayList.bpl:5211:16
 OK: Collections.ArrayList.InsertRange$System.Int32$System.Collections.ICollection$notnull at testArrayList.bpl:5461:16
 OK: Collections.ArrayList.InsertRangeWorker$System.Int32$System.Collections.ICollection$notnull at testArrayList.bpl:5574:16
 OK: Collections.ArrayList.LastIndexOf$System.Object at testArrayList.bpl:5777:16
 OK: Collections.ArrayList.LastIndexOf$System.Object$System.Int32 at testArrayList.bpl:5919:16
 OK: Collections.ArrayList.LastIndexOf$System.Object$System.Int32$System.Int32 at testArrayList.bpl:6001:16
 OK: Collections.ArrayList.Remove$System.Object at testArrayList.bpl:6190:16
 OK: Collections.ArrayList.RemoveAt$System.Int32 at testArrayList.bpl:6321:16
 OK: Collections.ArrayList.RemoveRange$System.Int32$System.Int32 at testArrayList.bpl:6530:16
 OK: Collections.ArrayList.Repeat$System.Object$System.Int32 at testArrayList.bpl:6823:16
 OK: Collections.ArrayList.Reverse at testArrayList.bpl:7048:16
 OK: Collections.ArrayList.Reverse$System.Int32$System.Int32 at testArrayList.bpl:7127:16
 OK: Collections.ArrayList.Sort at testArrayList.bpl:7293:16
 OK: Collections.ArrayList.Sort$System.Collections.IComparer at testArrayList.bpl:7406:16
 OK: Collections.ArrayList.Sort$System.Int32$System.Int32$System.Collections.IComparer at testArrayList.bpl:7469:16
 OK: Collections.ArrayList.ToArray at testArrayList.bpl:7648:16
 OK: Collections.ArrayList.ToArray$System.Type$notnull at testArrayList.bpl:7827:16
 OK: Collections.ArrayList.TrimToSize at testArrayList.bpl:8019:16
 OK: Collections.ArrayList..cctor at testArrayList.bpl:8087:16
 OK: Collections.TestArrayList.Main$System.String.array at testArrayList.bpl:8135:16
 OK: Collections.TestArrayList..ctor at testArrayList.bpl:8581:16
 OK: Bag.SpecSharp.CheckInvariant$System.Boolean at testBagBroken.bpl:796:16
 OK: Bag..ctor$System.Int32.array at testBagBroken.bpl:1020:16
 OK: Bag..ctor$System.Int32.array$notnull$System.Int32$System.Int32 at testBagBroken.bpl:1219:16
 OK: Bag.RemoveMin at testBagBroken.bpl:1380:16
 OK: Bag.Add$System.Int32 at testBagBroken.bpl:1580:16
 OK: Bag..cctor at testBagBroken.bpl:1744:16
