 OK: indexOf at indexof.bpl:2:11
 OK: M at map.bpl:11:11
 OK: M at sorts.bpl:10:11
NOK: swap at subst.bpl:6:16
 OK: swap at subst.bpl:14:16
 OK: swap at subst.bpl:22:16
NOK: swap at subst.bpl:30:16
